FD_SETSIZE: 1024
sizeof(struct sockaddr): 16
sizeof(struct sockaddr_in): 16
sizeof(struct sockaddr_in6): 28
sizeof(struct sockaddr_storage): 128
testing making socket addresses from a hostname...
locahost:
available addrinfos:
::1 : 0, SOCK_STREAM, IPPROTO_TCP
::1 : 0, SOCK_DGRAM, IPPROTO_UDP
::1 : 0, SOCK_RAW, IPPROTO_IP
127.0.0.1 : 0, SOCK_STREAM, IPPROTO_TCP
127.0.0.1 : 0, SOCK_DGRAM, IPPROTO_UDP
127.0.0.1 : 0, SOCK_RAW, IPPROTO_IP

yahoo.com:
available addrinfos:
98.137.11.163 : 0, SOCK_STREAM, IPPROTO_TCP
98.137.11.163 : 0, SOCK_DGRAM, IPPROTO_UDP
98.137.11.163 : 0, SOCK_RAW, IPPROTO_IP
74.6.143.26 : 0, SOCK_STREAM, IPPROTO_TCP
74.6.143.26 : 0, SOCK_DGRAM, IPPROTO_UDP
74.6.143.26 : 0, SOCK_RAW, IPPROTO_IP
74.6.231.20 : 0, SOCK_STREAM, IPPROTO_TCP
74.6.231.20 : 0, SOCK_DGRAM, IPPROTO_UDP
74.6.231.20 : 0, SOCK_RAW, IPPROTO_IP
74.6.143.25 : 0, SOCK_STREAM, IPPROTO_TCP
74.6.143.25 : 0, SOCK_DGRAM, IPPROTO_UDP
74.6.143.25 : 0, SOCK_RAW, IPPROTO_IP
74.6.231.21 : 0, SOCK_STREAM, IPPROTO_TCP
74.6.231.21 : 0, SOCK_DGRAM, IPPROTO_UDP
74.6.231.21 : 0, SOCK_RAW, IPPROTO_IP
98.137.11.164 : 0, SOCK_STREAM, IPPROTO_TCP
98.137.11.164 : 0, SOCK_DGRAM, IPPROTO_UDP
98.137.11.164 : 0, SOCK_RAW, IPPROTO_IP
2001:4998:24:120d::1:1 : 0, SOCK_STREAM, IPPROTO_TCP
2001:4998:24:120d::1:1 : 0, SOCK_DGRAM, IPPROTO_UDP
2001:4998:24:120d::1:1 : 0, SOCK_RAW, IPPROTO_IP
2001:4998:44:3507::8001 : 0, SOCK_STREAM, IPPROTO_TCP
2001:4998:44:3507::8001 : 0, SOCK_DGRAM, IPPROTO_UDP
2001:4998:44:3507::8001 : 0, SOCK_RAW, IPPROTO_IP
2001:4998:44:3507::8000 : 0, SOCK_STREAM, IPPROTO_TCP
2001:4998:44:3507::8000 : 0, SOCK_DGRAM, IPPROTO_UDP
2001:4998:44:3507::8000 : 0, SOCK_RAW, IPPROTO_IP
2001:4998:124:1507::f000 : 0, SOCK_STREAM, IPPROTO_TCP
2001:4998:124:1507::f000 : 0, SOCK_DGRAM, IPPROTO_UDP
2001:4998:124:1507::f000 : 0, SOCK_RAW, IPPROTO_IP
2001:4998:24:120d::1:0 : 0, SOCK_STREAM, IPPROTO_TCP
2001:4998:24:120d::1:0 : 0, SOCK_DGRAM, IPPROTO_UDP
2001:4998:24:120d::1:0 : 0, SOCK_RAW, IPPROTO_IP
2001:4998:124:1507::f001 : 0, SOCK_STREAM, IPPROTO_TCP
2001:4998:124:1507::f001 : 0, SOCK_DGRAM, IPPROTO_UDP
2001:4998:124:1507::f001 : 0, SOCK_RAW, IPPROTO_IP

test making inet addresses from a IP...
s_addr of 127.0.0.1: 0x100007f
s_addr of 1234:5678:9abc:def0::4:0: 0x 12 34 56 78 9a bc de f0 0 0 0 0 0 4 0 0 
result of inet_ntop: 1234:5678:9abc:def0::4:0
test making inet addresses from a hostname...
ipv4 of yahoo.com:
available addrinfos:
98.137.11.164 : 0, SOCK_STREAM, IPPROTO_TCP
98.137.11.164 : 0, SOCK_DGRAM, IPPROTO_UDP
98.137.11.164 : 0, SOCK_RAW, IPPROTO_IP
74.6.231.21 : 0, SOCK_STREAM, IPPROTO_TCP
74.6.231.21 : 0, SOCK_DGRAM, IPPROTO_UDP
74.6.231.21 : 0, SOCK_RAW, IPPROTO_IP
74.6.143.25 : 0, SOCK_STREAM, IPPROTO_TCP
74.6.143.25 : 0, SOCK_DGRAM, IPPROTO_UDP
74.6.143.25 : 0, SOCK_RAW, IPPROTO_IP
74.6.231.20 : 0, SOCK_STREAM, IPPROTO_TCP
74.6.231.20 : 0, SOCK_DGRAM, IPPROTO_UDP
74.6.231.20 : 0, SOCK_RAW, IPPROTO_IP
74.6.143.26 : 0, SOCK_STREAM, IPPROTO_TCP
74.6.143.26 : 0, SOCK_DGRAM, IPPROTO_UDP
74.6.143.26 : 0, SOCK_RAW, IPPROTO_IP
98.137.11.163 : 0, SOCK_STREAM, IPPROTO_TCP
98.137.11.163 : 0, SOCK_DGRAM, IPPROTO_UDP
98.137.11.163 : 0, SOCK_RAW, IPPROTO_IP

result addrinfo: 98.137.11.164
ipv6 of yahoo.com:
available addrinfos:
2001:4998:124:1507::f001 : 0, SOCK_STREAM, IPPROTO_TCP
2001:4998:124:1507::f001 : 0, SOCK_DGRAM, IPPROTO_UDP
2001:4998:124:1507::f001 : 0, SOCK_RAW, IPPROTO_IP
2001:4998:24:120d::1:1 : 0, SOCK_STREAM, IPPROTO_TCP
2001:4998:24:120d::1:1 : 0, SOCK_DGRAM, IPPROTO_UDP
2001:4998:24:120d::1:1 : 0, SOCK_RAW, IPPROTO_IP
2001:4998:44:3507::8001 : 0, SOCK_STREAM, IPPROTO_TCP
2001:4998:44:3507::8001 : 0, SOCK_DGRAM, IPPROTO_UDP
2001:4998:44:3507::8001 : 0, SOCK_RAW, IPPROTO_IP
2001:4998:44:3507::8000 : 0, SOCK_STREAM, IPPROTO_TCP
2001:4998:44:3507::8000 : 0, SOCK_DGRAM, IPPROTO_UDP
2001:4998:44:3507::8000 : 0, SOCK_RAW, IPPROTO_IP
2001:4998:124:1507::f000 : 0, SOCK_STREAM, IPPROTO_TCP
2001:4998:124:1507::f000 : 0, SOCK_DGRAM, IPPROTO_UDP
2001:4998:124:1507::f000 : 0, SOCK_RAW, IPPROTO_IP
2001:4998:24:120d::1:0 : 0, SOCK_STREAM, IPPROTO_TCP
2001:4998:24:120d::1:0 : 0, SOCK_DGRAM, IPPROTO_UDP
2001:4998:24:120d::1:0 : 0, SOCK_RAW, IPPROTO_IP

result addrinfo: 2001:4998:124:1507::f001
